servidorvoipnvs@appnvs:/var/www/aetlicensesystem/LicencaTransporte$ echo $DATABASE_URL
postgresql://aetuser:nvs123@localhost:5432/aetlicensesystem
servidorvoipnvs@appnvs:/var/www/aetlicensesystem/LicencaTransporte$ export DATABASE_URL="postgresql://postgres:nvs123@localhost:5432/aetlicensesystem"
servidorvoipnvs@appnvs:/var/www/aetlicensesystem/LicencaTransporte$ npm run db:push

> rest-express@1.0.0 db:push
> drizzle-kit push

No config path provided, using default 'drizzle.config.ts'
Reading config file '/var/www/aetlicensesystem/LicencaTransporte/drizzle.config.ts'
Using 'pg' driver for database querying
[⣷] Pulling schema from database...
error: password authentication failed for user "postgres"
    at /var/www/aetlicensesystem/LicencaTransporte/node_modules/pg-pool/index.js:45:11
    at process.processTicksAndRejections (node:internal/process/task_queues:95:5)
    at async Object.query (/var/www/aetlicensesystem/LicencaTransporte/node_modules/drizzle-kit/bin.cjs:66575:26)
    at async fromDatabase2 (/var/www/aetlicensesystem/LicencaTransporte/node_modules/drizzle-kit/bin.cjs:18700:25) {
  length: 104,
  severity: 'FATAL',
  code: '28P01',
  detail: undefined,
  hint: undefined,
  position: undefined,
  internalPosition: undefined,
  internalQuery: undefined,
  where: undefined,
  schema: undefined,
  table: undefined,
  column: undefined,
  dataType: undefined,
  constraint: undefined,
  file: 'auth.c',
  line: '331',
  routine: 'auth_failed'
}
servidorvoipnvs@appnvs:/var/www/aetlicensesystem/LicencaTransporte$ pm2 restart aet-license-system --update-env
[PM2] Applying action restartProcessId on app [aet-license-system](ids: [ 0 ])
[PM2] [aet-license-system](0) ✓
┌────┬────────────────────┬──────────┬──────┬───────────┬──────────┬──────────┐
│ id │ name               │ mode     │ ↺    │ status    │ cpu      │ memory   │
├────┼────────────────────┼──────────┼──────┼───────────┼──────────┼──────────┤
│ 0  │ aet-license-system │ fork     │ 2    │ online    │ 0%       │ 13.5mb   │
└────┴────────────────────┴──────────┴──────┴───────────┴──────────┴──────────┘
servidorvoipnvs@appnvs:/var/www/aetlicensesystem/LicencaTransporte$ pm2 logs aet-license-system --lines 5
[TAILING] Tailing last 5 lines for [aet-license-system] process (change the value with --lines option)
/home/servidorvoipnvs/.pm2/logs/aet-license-system-error.log last 5 lines:
0|aet-lice |     at async TransactionalStorage.getUserByEmail (/var/www/aetlicensesystem/LicencaTransporte/server/transactional-storage.ts:47:20)
0|aet-lice |     at async Strategy._verify (/var/www/aetlicensesystem/LicencaTransporte/server/auth.ts:76:24)
0|aet-lice | Warning: connect.session() MemoryStore is not
0|aet-lice | designed for a production environment, as it will leak
0|aet-lice | memory, and will not scale past a single process.

/home/servidorvoipnvs/.pm2/logs/aet-license-system-out.log last 5 lines:
0|aet-lice | > rest-express@1.0.0 dev
0|aet-lice | > tsx server/index.ts
0|aet-lice | 
0|aet-lice | 2:04:55 PM [express] serving on port 5000
0|aet-lice | Novo cliente WebSocket conectado

^C
servidorvoipnvs@appnvs:/var/www/aetlicensesystem/LicencaTransporte$ 